EXECUTION BY EDF
[T1] for 4 units - F
[T2] for 70 units - F
[T1] for 4 units - F
[T3] for 35 units - F
[T2] for 7 units - H
[T1] for 4 units - F
[T2] for 63 units - F
[T1] for 4 units - F
[T3] for 35 units - F
[T2] for 70 units - F
[T1] for 4 units - F

LOST DEADLINES
[T1] 0
[T2] 0
[T3] 0

COMPLETE EXECUTION
[T1] 5
[T2] 3
[T3] 2

KILLED
[T1] 1
[T2] 1
[T3] 1