EXECUTION BY RATE
[T1] for 1 units - F
[T2] for 2 units - F
[T3] for 1 units - H
[T1] for 1 units - F
[T3] for 1 units - H
[T2] for 2 units - F
[T1] for 1 units - F
[T3] for 1 units - F
idle for 2 units

LOST DEADLINES
[T1] 0
[T2] 0
[T3] 0

COMPLETE EXECUTION
[T1] 3
[T2] 2
[T3] 1

KILLED
[T1] 1
[T2] 1
[T3] 1