EXECUTION BY RATE
[T1] for 4 units - F
[T2] for 56 units - H
[T1] for 4 units - F
[T2] for 14 units - F
[T3] for 22 units - H
[T2] for 20 units - H
[T1] for 4 units - F
[T2] for 50 units - F
[T3] for 6 units - H
[T1] for 4 units - F
[T3] for 16 units - H
[T2] for 40 units - H
[T1] for 4 units - F
[T2] for 30 units - F
[T3] for 13 units - F
idle for 13 units

LOST DEADLINES
[T1] 0
[T2] 0
[T3] 1

COMPLETE EXECUTION
[T1] 5
[T2] 3
[T3] 1

KILLED
[T1] 1
[T2] 1
[T3] 1