EXECUTION BY RATE
[t1] for 1 units - F
[t2] for 1 units - L
[t1] for 1 units - F
[t2] for 1 units - L
[t1] for 1 units - F
[t2] for 1 units - L
[t1] for 1 units - F
[t2] for 1 units - L
[t1] for 1 units - F
[t2] for 1 units - L

LOST DEADLINES
[t1] 0
[t2] 5
[t3] 3

COMPLETE EXECUTION
[t1] 5
[t2] 0
[t3] 0

KILLED
[t1] 1
[t2] 1
[t3] 1